time	blockageInfo
0.0		0
6000.0		304
12000.0		426
18000.0		431
24000.0		440
30000.0		450
36000.0		451
42000.0		451
48000.0		452
54000.0		452
60000.0		452
