time	contentX	evac-now	contentY
0.0		15		0		15
3600.0		23		0		25
7200.0		24		0		27
10800.0		24		0		27
14400.0		24		0		27
18000.0		24		100		27
21600.0		24		100		27
25200.0		24		100		27
28800.0		24		100		27
32400.0		24		100		27
